


ARM Macro Assembler    Page 1 


    1 00000000         ;/**
    2 00000000         ; ******************************************************
                       ************************
    3 00000000         ;  @file  startup_hc32f334.s
    4 00000000         ;  @brief Startup for MDK.
    5 00000000         ; verbatim
    6 00000000         ;  Change Logs:
    7 00000000         ;  Date             Author          Notes
    8 00000000         ;  2024-01-15       CDT             First version
    9 00000000         ;  2024-06-30       CDT             Added code of clear 
                       SRAMC status flags
   10 00000000         ; endverbatim
   11 00000000         ; ******************************************************
                       ***********************
   12 00000000         ; * Copyright (C) 2022-2024, Xiaohua Semiconductor Co., 
                       Ltd. All rights reserved.
   13 00000000         ; *
   14 00000000         ; * This software component is licensed by XHSC under BS
                       D 3-Clause license
   15 00000000         ; * (the "License"); You may not use this file except in
                        compliance with the
   16 00000000         ; * License. You may obtain a copy of the License at:
   17 00000000         ; *                    opensource.org/licenses/BSD-3-Cla
                       use
   18 00000000         ; *
   19 00000000         ; ******************************************************
                       ************************
   20 00000000         ; */
   21 00000000         
   22 00000000         ; Stack Configuration
   23 00000000         ; Stack Size (in Bytes) <0x0-0xFFFFFFFF:8>
   24 00000000         
   25 00000000 00000C00 
                       Stack_Size
                               EQU              0x00000C00
   26 00000000         
   27 00000000                 AREA             STACK, NOINIT, READWRITE, ALIGN
=3
   28 00000000         Stack_Mem
                               SPACE            Stack_Size
   29 00000C00         __initial_sp
   30 00000C00         
   31 00000C00         
   32 00000C00         ; Heap Configuration
   33 00000C00         ;  Heap Size (in Bytes) <0x0-0xFFFFFFFF:8>
   34 00000C00         
   35 00000C00 00000400 
                       Heap_Size
                               EQU              0x00000400
   36 00000C00         
   37 00000C00                 AREA             HEAP, NOINIT, READWRITE, ALIGN=
3
   38 00000000         __heap_base
   39 00000000         Heap_Mem
                               SPACE            Heap_Size
   40 00000400         __heap_limit
   41 00000400         
   42 00000400                 PRESERVE8
   43 00000400                 THUMB



ARM Macro Assembler    Page 2 


   44 00000400         
   45 00000400         ; Vector Table Mapped to Address 0 at Reset
   46 00000400         
   47 00000400                 AREA             RESET, DATA, READONLY
   48 00000000                 EXPORT           __Vectors
   49 00000000                 EXPORT           __Vectors_End
   50 00000000                 EXPORT           __Vectors_Size
   51 00000000         
   52 00000000 00000000 
                       __Vectors
                               DCD              __initial_sp ; Top of Stack
   53 00000004 00000000        DCD              Reset_Handler ; Reset Handler
   54 00000008 00000000        DCD              NMI_Handler ; NMI Handler
   55 0000000C 00000000        DCD              HardFault_Handler ; Hard Fault 
                                                            Handler
   56 00000010 00000000        DCD              MemManage_Handler 
                                                            ; MPU Fault Handler
                                                            
   57 00000014 00000000        DCD              BusFault_Handler 
                                                            ; Bus Fault Handler
                                                            
   58 00000018 00000000        DCD              UsageFault_Handler ; Usage Faul
                                                            t Handler
   59 0000001C 00000000        DCD              0           ; Reserved
   60 00000020 00000000        DCD              0           ; Reserved
   61 00000024 00000000        DCD              0           ; Reserved
   62 00000028 00000000        DCD              0           ; Reserved
   63 0000002C 00000000        DCD              SVC_Handler ; SVCall Handler
   64 00000030 00000000        DCD              DebugMon_Handler ; Debug Monito
                                                            r Handler
   65 00000034 00000000        DCD              0           ; Reserved
   66 00000038 00000000        DCD              PendSV_Handler ; PendSV Handler
                                                            
   67 0000003C 00000000        DCD              SysTick_Handler 
                                                            ; SysTick Handler
   68 00000040         
   69 00000040         ; Peripheral Interrupts
   70 00000040 00000000        DCD              IRQ000_Handler
   71 00000044 00000000        DCD              IRQ001_Handler
   72 00000048 00000000        DCD              IRQ002_Handler
   73 0000004C 00000000        DCD              IRQ003_Handler
   74 00000050 00000000        DCD              IRQ004_Handler
   75 00000054 00000000        DCD              IRQ005_Handler
   76 00000058 00000000        DCD              IRQ006_Handler
   77 0000005C 00000000        DCD              IRQ007_Handler
   78 00000060 00000000        DCD              IRQ008_Handler
   79 00000064 00000000        DCD              IRQ009_Handler
   80 00000068 00000000        DCD              IRQ010_Handler
   81 0000006C 00000000        DCD              IRQ011_Handler
   82 00000070 00000000        DCD              IRQ012_Handler
   83 00000074 00000000        DCD              IRQ013_Handler
   84 00000078 00000000        DCD              IRQ014_Handler
   85 0000007C 00000000        DCD              IRQ015_Handler
   86 00000080 00000000        DCD              EXTINT00_SWINT16_Handler
   87 00000084 00000000        DCD              EXTINT01_SWINT17_Handler
   88 00000088 00000000        DCD              EXTINT02_SWINT18_Handler
   89 0000008C 00000000        DCD              EXTINT03_SWINT19_Handler
   90 00000090 00000000        DCD              EXTINT04_SWINT20_Handler
   91 00000094 00000000        DCD              EXTINT05_SWINT21_Handler



ARM Macro Assembler    Page 3 


   92 00000098 00000000        DCD              EXTINT06_SWINT22_Handler
   93 0000009C 00000000        DCD              EXTINT07_SWINT23_Handler
   94 000000A0 00000000        DCD              EXTINT08_SWINT24_Handler
   95 000000A4 00000000        DCD              EXTINT09_SWINT25_Handler
   96 000000A8 00000000        DCD              EXTINT10_SWINT26_Handler
   97 000000AC 00000000        DCD              EXTINT11_SWINT27_Handler
   98 000000B0 00000000        DCD              EXTINT12_SWINT28_Handler
   99 000000B4 00000000        DCD              EXTINT13_SWINT29_Handler
  100 000000B8 00000000        DCD              EXTINT14_SWINT30_Handler
  101 000000BC 00000000        DCD              EXTINT15_SWINT31_Handler
  102 000000C0 00000000        DCD              DMA_Error_Handler
  103 000000C4 00000000        DCD              DMA_TC0_BTC0_Handler
  104 000000C8 00000000        DCD              DMA_TC1_BTC1_Handler
  105 000000CC 00000000        DCD              DMA_TC2_BTC2_Handler
  106 000000D0 00000000        DCD              DMA_TC3_BTC3_Handler
  107 000000D4 00000000        DCD              DMA_TC4_BTC4_Handler
  108 000000D8 00000000        DCD              DMA_TC5_BTC5_Handler
  109 000000DC 00000000        DCD              DMA_TC6_BTC6_Handler
  110 000000E0 00000000        DCD              DMA_TC7_BTC7_Handler
  111 000000E4 00000000        DCD              EFM_PEError_ReadCol_Handler
  112 000000E8 00000000        DCD              EFM_OpEnd_Handler
  113 000000EC 00000000        DCD              FPU_Error_Handler
  114 000000F0 00000000        DCD              TMR0_1_Handler
  115 000000F4 00000000        DCD              TMR0_2_Handler
  116 000000F8 00000000        DCD              RTC_Handler
  117 000000FC 00000000        DCD              CLK_XtalStop_Handler
  118 00000100 00000000        DCD              PWC_WKTM_Handler
  119 00000104 00000000        DCD              SWDT_Handler
  120 00000108 00000000        DCD              TMR6_1_GCmp_Handler
  121 0000010C 00000000        DCD              TMR6_1_Ovf_Udf_Handler
  122 00000110 00000000        DCD              TMR6_1_Dte_Handler
  123 00000114 00000000        DCD              TMR6_1_SCmp_Handler
  124 00000118 00000000        DCD              TMRA_1_Ovf_Udf_Handler
  125 0000011C 00000000        DCD              TMRA_1_Cmp_Handler
  126 00000120 00000000        DCD              TMR6_2_GCmp_Handler
  127 00000124 00000000        DCD              TMR6_2_Ovf_Udf_Handler
  128 00000128 00000000        DCD              TMR6_2_Dte_Handler
  129 0000012C 00000000        DCD              TMR6_2_SCmp_Handler
  130 00000130 00000000        DCD              TMRA_2_Ovf_Udf_Handler
  131 00000134 00000000        DCD              TMRA_2_Cmp_Handler
  132 00000138 00000000        DCD              TMR6_3_GCmp_Handler
  133 0000013C 00000000        DCD              TMR6_3_Ovf_Udf_Handler
  134 00000140 00000000        DCD              TMR6_3_Dte_Handler
  135 00000144 00000000        DCD              TMR6_3_SCmp_Handler
  136 00000148 00000000        DCD              TMRA_3_Ovf_Udf_Handler
  137 0000014C 00000000        DCD              TMRA_3_Cmp_Handler
  138 00000150 00000000        DCD              TMR6_4_GCmp_Handler
  139 00000154 00000000        DCD              TMR6_4_Ovf_Udf_Handler
  140 00000158 00000000        DCD              TMR6_4_Dte_Handler
  141 0000015C 00000000        DCD              TMR6_4_SCmp_Handler
  142 00000160 00000000        DCD              TMRA_4_Ovf_Udf_Handler
  143 00000164 00000000        DCD              TMRA_4_Cmp_Handler
  144 00000168 00000000        DCD              HRPWM_1_GCmp_Handler
  145 0000016C 00000000        DCD              HRPWM_1_Ovf_Udf_Handler
  146 00000170 00000000        DCD              HRPWM_1_SCmp_Handler
  147 00000174 00000000        DCD              HRPWM_1_GCap_Handler
  148 00000178 00000000        DCD              HRPWM_2_GCmp_Handler
  149 0000017C 00000000        DCD              HRPWM_2_Ovf_Udf_Handler
  150 00000180 00000000        DCD              HRPWM_2_SCmp_Handler



ARM Macro Assembler    Page 4 


  151 00000184 00000000        DCD              HRPWM_2_GCap_Handler
  152 00000188 00000000        DCD              HRPWM_Handler
  153 0000018C 00000000        DCD              EMB_GR0_Handler
  154 00000190 00000000        DCD              EMB_GR1_Handler
  155 00000194 00000000        DCD              EMB_GR2_Handler
  156 00000198 00000000        DCD              EMB_GR3_Handler
  157 0000019C 00000000        DCD              HRPWM_3_GCmp_Handler
  158 000001A0 00000000        DCD              HRPWM_3_Ovf_Udf_Handler
  159 000001A4 00000000        DCD              HRPWM_3_SCmp_Handler
  160 000001A8 00000000        DCD              HRPWM_3_GCap_Handler
  161 000001AC 00000000        DCD              HRPWM_4_GCmp_Handler
  162 000001B0 00000000        DCD              HRPWM_4_Ovf_Udf_Handler
  163 000001B4 00000000        DCD              HRPWM_4_SCmp_Handler
  164 000001B8 00000000        DCD              HRPWM_4_GCap_Handler
  165 000001BC 00000000        DCD              EMB_GR4_Handler
  166 000001C0 00000000        DCD              EMB_GR5_Handler
  167 000001C4 00000000        DCD              EMB_GR6_Handler
  168 000001C8 00000000        DCD              EMB_GR7_Handler
  169 000001CC 00000000        DCD              EMB_GR8_Handler
  170 000001D0 00000000        DCD              HRPWM_5_GCmp_Handler
  171 000001D4 00000000        DCD              HRPWM_5_Ovf_Udf_Handler
  172 000001D8 00000000        DCD              HRPWM_5_SCmp_Handler
  173 000001DC 00000000        DCD              HRPWM_5_GCap_Handler
  174 000001E0 00000000        DCD              HRPWM_6_GCmp_Handler
  175 000001E4 00000000        DCD              HRPWM_6_Ovf_Udf_Handler
  176 000001E8 00000000        DCD              HRPWM_6_SCmp_Handler
  177 000001EC 00000000        DCD              HRPWM_6_GCap_Handler
  178 000001F0 00000000        DCD              MCANRAM_ECCError_Handler
  179 000001F4 00000000        DCD              MCAN1_INT0_Handler
  180 000001F8 00000000        DCD              MCAN1_INT1_Handler
  181 000001FC 00000000        DCD              MCAN2_INT0_Handler
  182 00000200 00000000        DCD              MCAN2_INT1_Handler
  183 00000204 00000000        DCD              TMR4_GCmp_Handler
  184 00000208 00000000        DCD              TMR4_Ovf_Udf_Handler
  185 0000020C 00000000        DCD              TMR4_Reload_Handler
  186 00000210 00000000        DCD              TMR4_SCmp_Handler
  187 00000214 00000000        DCD              CMP1_Handler
  188 00000218 00000000        DCD              CMP2_Handler
  189 0000021C 00000000        DCD              CMP3_Handler
  190 00000220 00000000        DCD              I2C_Handler
  191 00000224 00000000        DCD              USART1_Handler
  192 00000228 00000000        DCD              USART1_TCI_Handler
  193 0000022C 00000000        DCD              SPI_Handler
  194 00000230 00000000        DCD              TMRA_5_Ovf_Udf_Handler
  195 00000234 00000000        DCD              TMRA_5_Cmp_Handler
  196 00000238 00000000        DCD              EVENT_PORT1_Handler
  197 0000023C 00000000        DCD              EVENT_PORT2_Handler
  198 00000240 00000000        DCD              EVENT_PORT3_Handler
  199 00000244 00000000        DCD              EVENT_PORT4_Handler
  200 00000248 00000000        DCD              USART2_Handler
  201 0000024C 00000000        DCD              USART2_TxComplete_Handler
  202 00000250 00000000        DCD              USART3_Handler
  203 00000254 00000000        DCD              USART3_TxComplete_Handler
  204 00000258 00000000        DCD              USART4_Handler
  205 0000025C 00000000        DCD              USART4_TxComplete_Handler
  206 00000260 00000000        DCD              PLA_Handler
  207 00000264 00000000        DCD              USART1_WKUP_Handler
  208 00000268 00000000        DCD              PWC_LVD1_Handler
  209 0000026C 00000000        DCD              PWC_LVD2_Handler



ARM Macro Assembler    Page 5 


  210 00000270 00000000        DCD              FCM_Handler
  211 00000274 00000000        DCD              WDT_Handler
  212 00000278 00000000        DCD              CTC_Handler
  213 0000027C 00000000        DCD              ADC1_Handler
  214 00000280 00000000        DCD              ADC2_Handler
  215 00000284 00000000        DCD              ADC3_Handler
  216 00000288         
  217 00000288         __Vectors_End
  218 00000288         
  219 00000288 00000288 
                       __Vectors_Size
                               EQU              __Vectors_End - __Vectors
  220 00000288         
  221 00000288                 AREA             |.text|, CODE, READONLY
  222 00000000         
  223 00000000         ; Reset Handler
  224 00000000         
  225 00000000         Reset_Handler
                               PROC
  226 00000000                 EXPORT           Reset_Handler             [WEAK
]
  227 00000000                 IMPORT           SystemInit
  228 00000000                 IMPORT           __main
  229 00000000         ;ClrSramSR
  230 00000000 4808            LDR              R0, =0x40050810
  231 00000002 F44F 71FC       LDR              R1, =0x1F8
  232 00000006 6001            STR              R1, [R0]
  233 00000008         
  234 00000008 4807            LDR              R0, =SystemInit
  235 0000000A 4780            BLX              R0
  236 0000000C 4807            LDR              R0, =__main
  237 0000000E 4700            BX               R0
  238 00000010                 ENDP
  239 00000010         
  240 00000010         ; Dummy Exception Handlers (infinite loops which can be 
                       modified)
  241 00000010         
  242 00000010         NMI_Handler
                               PROC
  243 00000010                 EXPORT           NMI_Handler               [WEAK
]
  244 00000010 E7FE            B                .
  245 00000012                 ENDP
  247 00000012         HardFault_Handler
                               PROC
  248 00000012                 EXPORT           HardFault_Handler         [WEAK
]
  249 00000012 E7FE            B                .
  250 00000014                 ENDP
  252 00000014         MemManage_Handler
                               PROC
  253 00000014                 EXPORT           MemManage_Handler         [WEAK
]
  254 00000014 E7FE            B                .
  255 00000016                 ENDP
  257 00000016         BusFault_Handler
                               PROC
  258 00000016                 EXPORT           BusFault_Handler          [WEAK
]



ARM Macro Assembler    Page 6 


  259 00000016 E7FE            B                .
  260 00000018                 ENDP
  262 00000018         UsageFault_Handler
                               PROC
  263 00000018                 EXPORT           UsageFault_Handler        [WEAK
]
  264 00000018 E7FE            B                .
  265 0000001A                 ENDP
  266 0000001A         SVC_Handler
                               PROC
  267 0000001A                 EXPORT           SVC_Handler               [WEAK
]
  268 0000001A E7FE            B                .
  269 0000001C                 ENDP
  271 0000001C         DebugMon_Handler
                               PROC
  272 0000001C                 EXPORT           DebugMon_Handler          [WEAK
]
  273 0000001C E7FE            B                .
  274 0000001E                 ENDP
  275 0000001E         PendSV_Handler
                               PROC
  276 0000001E                 EXPORT           PendSV_Handler            [WEAK
]
  277 0000001E E7FE            B                .
  278 00000020                 ENDP
  279 00000020         SysTick_Handler
                               PROC
  280 00000020                 EXPORT           SysTick_Handler           [WEAK
]
  281 00000020 E7FE            B                .
  282 00000022                 ENDP
  283 00000022         
  284 00000022         Default_Handler
                               PROC
  285 00000022                 EXPORT           IRQ000_Handler                 
 [WEAK]
  286 00000022                 EXPORT           IRQ001_Handler                 
 [WEAK]
  287 00000022                 EXPORT           IRQ002_Handler                 
 [WEAK]
  288 00000022                 EXPORT           IRQ003_Handler                 
 [WEAK]
  289 00000022                 EXPORT           IRQ004_Handler                 
 [WEAK]
  290 00000022                 EXPORT           IRQ005_Handler                 
 [WEAK]
  291 00000022                 EXPORT           IRQ006_Handler                 
 [WEAK]
  292 00000022                 EXPORT           IRQ007_Handler                 
 [WEAK]
  293 00000022                 EXPORT           IRQ008_Handler                 
 [WEAK]
  294 00000022                 EXPORT           IRQ009_Handler                 
 [WEAK]
  295 00000022                 EXPORT           IRQ010_Handler                 
 [WEAK]
  296 00000022                 EXPORT           IRQ011_Handler                 
 [WEAK]



ARM Macro Assembler    Page 7 


  297 00000022                 EXPORT           IRQ012_Handler                 
 [WEAK]
  298 00000022                 EXPORT           IRQ013_Handler                 
 [WEAK]
  299 00000022                 EXPORT           IRQ014_Handler                 
 [WEAK]
  300 00000022                 EXPORT           IRQ015_Handler                 
 [WEAK]
  301 00000022                 EXPORT           EXTINT00_SWINT16_Handler       
 [WEAK]
  302 00000022                 EXPORT           EXTINT01_SWINT17_Handler       
 [WEAK]
  303 00000022                 EXPORT           EXTINT02_SWINT18_Handler       
 [WEAK]
  304 00000022                 EXPORT           EXTINT03_SWINT19_Handler       
 [WEAK]
  305 00000022                 EXPORT           EXTINT04_SWINT20_Handler       
 [WEAK]
  306 00000022                 EXPORT           EXTINT05_SWINT21_Handler       
 [WEAK]
  307 00000022                 EXPORT           EXTINT06_SWINT22_Handler       
 [WEAK]
  308 00000022                 EXPORT           EXTINT07_SWINT23_Handler       
 [WEAK]
  309 00000022                 EXPORT           EXTINT08_SWINT24_Handler       
 [WEAK]
  310 00000022                 EXPORT           EXTINT09_SWINT25_Handler       
 [WEAK]
  311 00000022                 EXPORT           EXTINT10_SWINT26_Handler       
 [WEAK]
  312 00000022                 EXPORT           EXTINT11_SWINT27_Handler       
 [WEAK]
  313 00000022                 EXPORT           EXTINT12_SWINT28_Handler       
 [WEAK]
  314 00000022                 EXPORT           EXTINT13_SWINT29_Handler       
 [WEAK]
  315 00000022                 EXPORT           EXTINT14_SWINT30_Handler       
 [WEAK]
  316 00000022                 EXPORT           EXTINT15_SWINT31_Handler       
 [WEAK]
  317 00000022                 EXPORT           DMA_Error_Handler              
[WEAK]
  318 00000022                 EXPORT           DMA_TC0_BTC0_Handler           
[WEAK]
  319 00000022                 EXPORT           DMA_TC1_BTC1_Handler           
[WEAK]
  320 00000022                 EXPORT           DMA_TC2_BTC2_Handler           
[WEAK]
  321 00000022                 EXPORT           DMA_TC3_BTC3_Handler           
[WEAK]
  322 00000022                 EXPORT           DMA_TC4_BTC4_Handler           
[WEAK]
  323 00000022                 EXPORT           DMA_TC5_BTC5_Handler           
[WEAK]
  324 00000022                 EXPORT           DMA_TC6_BTC6_Handler           
[WEAK]
  325 00000022                 EXPORT           DMA_TC7_BTC7_Handler           
[WEAK]
  326 00000022                 EXPORT           EFM_PEError_ReadCol_Handler    



ARM Macro Assembler    Page 8 


 [WEAK]
  327 00000022                 EXPORT           EFM_OpEnd_Handler              
 [WEAK]
  328 00000022                 EXPORT           FPU_Error_Handler              
 [WEAK]
  329 00000022                 EXPORT           TMR0_1_Handler                 
 [WEAK]
  330 00000022                 EXPORT           TMR0_2_Handler                 
 [WEAK]
  331 00000022                 EXPORT           RTC_Handler                    
 [WEAK]
  332 00000022                 EXPORT           CLK_XtalStop_Handler           
 [WEAK]
  333 00000022                 EXPORT           PWC_WKTM_Handler               
 [WEAK]
  334 00000022                 EXPORT           SWDT_Handler                   
 [WEAK]
  335 00000022                 EXPORT           TMR6_1_GCmp_Handler            
 [WEAK]
  336 00000022                 EXPORT           TMR6_1_Ovf_Udf_Handler         
 [WEAK]
  337 00000022                 EXPORT           TMR6_1_Dte_Handler             
 [WEAK]
  338 00000022                 EXPORT           TMR6_1_SCmp_Handler            
 [WEAK]
  339 00000022                 EXPORT           TMRA_1_Ovf_Udf_Handler         
 [WEAK]
  340 00000022                 EXPORT           TMRA_1_Cmp_Handler             
 [WEAK]
  341 00000022                 EXPORT           TMR6_2_GCmp_Handler            
 [WEAK]
  342 00000022                 EXPORT           TMR6_2_Ovf_Udf_Handler         
 [WEAK]
  343 00000022                 EXPORT           TMR6_2_Dte_Handler             
 [WEAK]
  344 00000022                 EXPORT           TMR6_2_SCmp_Handler            
 [WEAK]
  345 00000022                 EXPORT           TMRA_2_Ovf_Udf_Handler         
 [WEAK]
  346 00000022                 EXPORT           TMRA_2_Cmp_Handler             
 [WEAK]
  347 00000022                 EXPORT           TMR6_3_GCmp_Handler            
 [WEAK]
  348 00000022                 EXPORT           TMR6_3_Ovf_Udf_Handler         
 [WEAK]
  349 00000022                 EXPORT           TMR6_3_Dte_Handler             
 [WEAK]
  350 00000022                 EXPORT           TMR6_3_SCmp_Handler            
 [WEAK]
  351 00000022                 EXPORT           TMRA_3_Ovf_Udf_Handler         
 [WEAK]
  352 00000022                 EXPORT           TMRA_3_Cmp_Handler             
 [WEAK]
  353 00000022                 EXPORT           TMR6_4_GCmp_Handler            
 [WEAK]
  354 00000022                 EXPORT           TMR6_4_Ovf_Udf_Handler         
 [WEAK]
  355 00000022                 EXPORT           TMR6_4_Dte_Handler             
 [WEAK]



ARM Macro Assembler    Page 9 


  356 00000022                 EXPORT           TMR6_4_SCmp_Handler            
 [WEAK]
  357 00000022                 EXPORT           TMRA_4_Ovf_Udf_Handler         
 [WEAK]
  358 00000022                 EXPORT           TMRA_4_Cmp_Handler             
 [WEAK]
  359 00000022                 EXPORT           HRPWM_1_GCmp_Handler           
 [WEAK]
  360 00000022                 EXPORT           HRPWM_1_Ovf_Udf_Handler        
 [WEAK]
  361 00000022                 EXPORT           HRPWM_1_SCmp_Handler           
 [WEAK]
  362 00000022                 EXPORT           HRPWM_1_GCap_Handler           
 [WEAK]
  363 00000022                 EXPORT           HRPWM_2_GCmp_Handler           
 [WEAK]
  364 00000022                 EXPORT           HRPWM_2_Ovf_Udf_Handler        
 [WEAK]
  365 00000022                 EXPORT           HRPWM_2_SCmp_Handler           
 [WEAK]
  366 00000022                 EXPORT           HRPWM_2_GCap_Handler           
 [WEAK]
  367 00000022                 EXPORT           HRPWM_Handler                  
 [WEAK]
  368 00000022                 EXPORT           EMB_GR0_Handler                
 [WEAK]
  369 00000022                 EXPORT           EMB_GR1_Handler                
 [WEAK]
  370 00000022                 EXPORT           EMB_GR2_Handler                
 [WEAK]
  371 00000022                 EXPORT           EMB_GR3_Handler                
 [WEAK]
  372 00000022                 EXPORT           HRPWM_3_GCmp_Handler           
 [WEAK]
  373 00000022                 EXPORT           HRPWM_3_Ovf_Udf_Handler        
 [WEAK]
  374 00000022                 EXPORT           HRPWM_3_SCmp_Handler           
 [WEAK]
  375 00000022                 EXPORT           HRPWM_3_GCap_Handler           
 [WEAK]
  376 00000022                 EXPORT           HRPWM_4_GCmp_Handler           
 [WEAK]
  377 00000022                 EXPORT           HRPWM_4_Ovf_Udf_Handler        
 [WEAK]
  378 00000022                 EXPORT           HRPWM_4_SCmp_Handler           
 [WEAK]
  379 00000022                 EXPORT           HRPWM_4_GCap_Handler           
 [WEAK]
  380 00000022                 EXPORT           EMB_GR4_Handler                
 [WEAK]
  381 00000022                 EXPORT           EMB_GR5_Handler                
 [WEAK]
  382 00000022                 EXPORT           EMB_GR6_Handler                
 [WEAK]
  383 00000022                 EXPORT           EMB_GR7_Handler                
 [WEAK]
  384 00000022                 EXPORT           EMB_GR8_Handler                
 [WEAK]
  385 00000022                 EXPORT           HRPWM_5_GCmp_Handler           



ARM Macro Assembler    Page 10 


 [WEAK]
  386 00000022                 EXPORT           HRPWM_5_Ovf_Udf_Handler        
 [WEAK]
  387 00000022                 EXPORT           HRPWM_5_SCmp_Handler           
 [WEAK]
  388 00000022                 EXPORT           HRPWM_5_GCap_Handler           
 [WEAK]
  389 00000022                 EXPORT           HRPWM_6_GCmp_Handler           
 [WEAK]
  390 00000022                 EXPORT           HRPWM_6_Ovf_Udf_Handler        
 [WEAK]
  391 00000022                 EXPORT           HRPWM_6_SCmp_Handler           
 [WEAK]
  392 00000022                 EXPORT           HRPWM_6_GCap_Handler           
 [WEAK]
  393 00000022                 EXPORT           MCANRAM_ECCError_Handler       
  [WEAK]
  394 00000022                 EXPORT           MCAN1_INT0_Handler             
  [WEAK]
  395 00000022                 EXPORT           MCAN1_INT1_Handler             
  [WEAK]
  396 00000022                 EXPORT           MCAN2_INT0_Handler             
  [WEAK]
  397 00000022                 EXPORT           MCAN2_INT1_Handler             
  [WEAK]
  398 00000022                 EXPORT           TMR4_GCmp_Handler             [
WEAK]
  399 00000022                 EXPORT           TMR4_Ovf_Udf_Handler          [
WEAK]
  400 00000022                 EXPORT           TMR4_Reload_Handler           [
WEAK]
  401 00000022                 EXPORT           TMR4_SCmp_Handler             [
WEAK]
  402 00000022                 EXPORT           CMP1_Handler                   
 [WEAK]
  403 00000022                 EXPORT           CMP2_Handler                   
 [WEAK]
  404 00000022                 EXPORT           CMP3_Handler                   
 [WEAK]
  405 00000022                 EXPORT           I2C_Handler                    
[WEAK]
  406 00000022                 EXPORT           USART1_Handler                 
 [WEAK]
  407 00000022                 EXPORT           USART1_TCI_Handler             
 [WEAK]
  408 00000022                 EXPORT           SPI_Handler                    
[WEAK]
  409 00000022                 EXPORT           TMRA_5_Ovf_Udf_Handler         
 [WEAK]
  410 00000022                 EXPORT           TMRA_5_Cmp_Handler             
 [WEAK]
  411 00000022                 EXPORT           EVENT_PORT1_Handler            
 [WEAK]
  412 00000022                 EXPORT           EVENT_PORT2_Handler            
 [WEAK]
  413 00000022                 EXPORT           EVENT_PORT3_Handler            
 [WEAK]
  414 00000022                 EXPORT           EVENT_PORT4_Handler            
 [WEAK]



ARM Macro Assembler    Page 11 


  415 00000022                 EXPORT           USART2_Handler                 
 [WEAK]
  416 00000022                 EXPORT           USART2_TxComplete_Handler      
 [WEAK]
  417 00000022                 EXPORT           USART3_Handler                 
 [WEAK]
  418 00000022                 EXPORT           USART3_TxComplete_Handler      
 [WEAK]
  419 00000022                 EXPORT           USART4_Handler                 
 [WEAK]
  420 00000022                 EXPORT           USART4_TxComplete_Handler      
 [WEAK]
  421 00000022                 EXPORT           PLA_Handler                    
 [WEAK]
  422 00000022                 EXPORT           USART1_WKUP_Handler            
 [WEAK]
  423 00000022                 EXPORT           PWC_LVD1_Handler               
 [WEAK]
  424 00000022                 EXPORT           PWC_LVD2_Handler               
 [WEAK]
  425 00000022                 EXPORT           FCM_Handler                    
 [WEAK]
  426 00000022                 EXPORT           WDT_Handler                    
 [WEAK]
  427 00000022                 EXPORT           CTC_Handler                    
 [WEAK]
  428 00000022                 EXPORT           ADC1_Handler                   
 [WEAK]
  429 00000022                 EXPORT           ADC2_Handler                   
 [WEAK]
  430 00000022                 EXPORT           ADC3_Handler                   
 [WEAK]
  431 00000022         
  432 00000022         IRQ000_Handler
  433 00000022         IRQ001_Handler
  434 00000022         IRQ002_Handler
  435 00000022         IRQ003_Handler
  436 00000022         IRQ004_Handler
  437 00000022         IRQ005_Handler
  438 00000022         IRQ006_Handler
  439 00000022         IRQ007_Handler
  440 00000022         IRQ008_Handler
  441 00000022         IRQ009_Handler
  442 00000022         IRQ010_Handler
  443 00000022         IRQ011_Handler
  444 00000022         IRQ012_Handler
  445 00000022         IRQ013_Handler
  446 00000022         IRQ014_Handler
  447 00000022         IRQ015_Handler
  448 00000022         EXTINT00_SWINT16_Handler
  449 00000022         EXTINT01_SWINT17_Handler
  450 00000022         EXTINT02_SWINT18_Handler
  451 00000022         EXTINT03_SWINT19_Handler
  452 00000022         EXTINT04_SWINT20_Handler
  453 00000022         EXTINT05_SWINT21_Handler
  454 00000022         EXTINT06_SWINT22_Handler
  455 00000022         EXTINT07_SWINT23_Handler
  456 00000022         EXTINT08_SWINT24_Handler
  457 00000022         EXTINT09_SWINT25_Handler



ARM Macro Assembler    Page 12 


  458 00000022         EXTINT10_SWINT26_Handler
  459 00000022         EXTINT11_SWINT27_Handler
  460 00000022         EXTINT12_SWINT28_Handler
  461 00000022         EXTINT13_SWINT29_Handler
  462 00000022         EXTINT14_SWINT30_Handler
  463 00000022         EXTINT15_SWINT31_Handler
  464 00000022         DMA_Error_Handler
  465 00000022         DMA_TC0_BTC0_Handler
  466 00000022         DMA_TC1_BTC1_Handler
  467 00000022         DMA_TC2_BTC2_Handler
  468 00000022         DMA_TC3_BTC3_Handler
  469 00000022         DMA_TC4_BTC4_Handler
  470 00000022         DMA_TC5_BTC5_Handler
  471 00000022         DMA_TC6_BTC6_Handler
  472 00000022         DMA_TC7_BTC7_Handler
  473 00000022         EFM_PEError_ReadCol_Handler
  474 00000022         EFM_OpEnd_Handler
  475 00000022         FPU_Error_Handler
  476 00000022         TMR0_1_Handler
  477 00000022         TMR0_2_Handler
  478 00000022         RTC_Handler
  479 00000022         CLK_XtalStop_Handler
  480 00000022         PWC_WKTM_Handler
  481 00000022         SWDT_Handler
  482 00000022         TMR6_1_GCmp_Handler
  483 00000022         TMR6_1_Ovf_Udf_Handler
  484 00000022         TMR6_1_Dte_Handler
  485 00000022         TMR6_1_SCmp_Handler
  486 00000022         TMRA_1_Ovf_Udf_Handler
  487 00000022         TMRA_1_Cmp_Handler
  488 00000022         TMR6_2_GCmp_Handler
  489 00000022         TMR6_2_Ovf_Udf_Handler
  490 00000022         TMR6_2_Dte_Handler
  491 00000022         TMR6_2_SCmp_Handler
  492 00000022         TMRA_2_Ovf_Udf_Handler
  493 00000022         TMRA_2_Cmp_Handler
  494 00000022         TMR6_3_GCmp_Handler
  495 00000022         TMR6_3_Ovf_Udf_Handler
  496 00000022         TMR6_3_Dte_Handler
  497 00000022         TMR6_3_SCmp_Handler
  498 00000022         TMRA_3_Ovf_Udf_Handler
  499 00000022         TMRA_3_Cmp_Handler
  500 00000022         TMR6_4_GCmp_Handler
  501 00000022         TMR6_4_Ovf_Udf_Handler
  502 00000022         TMR6_4_Dte_Handler
  503 00000022         TMR6_4_SCmp_Handler
  504 00000022         TMRA_4_Ovf_Udf_Handler
  505 00000022         TMRA_4_Cmp_Handler
  506 00000022         HRPWM_1_GCmp_Handler
  507 00000022         HRPWM_1_Ovf_Udf_Handler
  508 00000022         HRPWM_1_SCmp_Handler
  509 00000022         HRPWM_1_GCap_Handler
  510 00000022         HRPWM_2_GCmp_Handler
  511 00000022         HRPWM_2_Ovf_Udf_Handler
  512 00000022         HRPWM_2_SCmp_Handler
  513 00000022         HRPWM_2_GCap_Handler
  514 00000022         HRPWM_Handler
  515 00000022         EMB_GR0_Handler
  516 00000022         EMB_GR1_Handler



ARM Macro Assembler    Page 13 


  517 00000022         EMB_GR2_Handler
  518 00000022         EMB_GR3_Handler
  519 00000022         HRPWM_3_GCmp_Handler
  520 00000022         HRPWM_3_Ovf_Udf_Handler
  521 00000022         HRPWM_3_SCmp_Handler
  522 00000022         HRPWM_3_GCap_Handler
  523 00000022         HRPWM_4_GCmp_Handler
  524 00000022         HRPWM_4_Ovf_Udf_Handler
  525 00000022         HRPWM_4_SCmp_Handler
  526 00000022         HRPWM_4_GCap_Handler
  527 00000022         EMB_GR4_Handler
  528 00000022         EMB_GR5_Handler
  529 00000022         EMB_GR6_Handler
  530 00000022         EMB_GR7_Handler
  531 00000022         EMB_GR8_Handler
  532 00000022         HRPWM_5_GCmp_Handler
  533 00000022         HRPWM_5_Ovf_Udf_Handler
  534 00000022         HRPWM_5_SCmp_Handler
  535 00000022         HRPWM_5_GCap_Handler
  536 00000022         HRPWM_6_GCmp_Handler
  537 00000022         HRPWM_6_Ovf_Udf_Handler
  538 00000022         HRPWM_6_SCmp_Handler
  539 00000022         HRPWM_6_GCap_Handler
  540 00000022         MCANRAM_ECCError_Handler
  541 00000022         MCAN1_INT0_Handler
  542 00000022         MCAN1_INT1_Handler
  543 00000022         MCAN2_INT0_Handler
  544 00000022         MCAN2_INT1_Handler
  545 00000022         TMR4_GCmp_Handler
  546 00000022         TMR4_Ovf_Udf_Handler
  547 00000022         TMR4_Reload_Handler
  548 00000022         TMR4_SCmp_Handler
  549 00000022         CMP1_Handler
  550 00000022         CMP2_Handler
  551 00000022         CMP3_Handler
  552 00000022         I2C_Handler
  553 00000022         USART1_Handler
  554 00000022         USART1_TCI_Handler
  555 00000022         SPI_Handler
  556 00000022         TMRA_5_Ovf_Udf_Handler
  557 00000022         TMRA_5_Cmp_Handler
  558 00000022         EVENT_PORT1_Handler
  559 00000022         EVENT_PORT2_Handler
  560 00000022         EVENT_PORT3_Handler
  561 00000022         EVENT_PORT4_Handler
  562 00000022         USART2_Handler
  563 00000022         USART2_TxComplete_Handler
  564 00000022         USART3_Handler
  565 00000022         USART3_TxComplete_Handler
  566 00000022         USART4_Handler
  567 00000022         USART4_TxComplete_Handler
  568 00000022         PLA_Handler
  569 00000022         USART1_WKUP_Handler
  570 00000022         PWC_LVD1_Handler
  571 00000022         PWC_LVD2_Handler
  572 00000022         FCM_Handler
  573 00000022         WDT_Handler
  574 00000022         CTC_Handler
  575 00000022         ADC1_Handler



ARM Macro Assembler    Page 14 


  576 00000022         ADC2_Handler
  577 00000022         ADC3_Handler
  578 00000022         
  579 00000022 E7FE            B                .
  580 00000024                 ENDP
  581 00000024         
  582 00000024                 ALIGN
  583 00000024         
  584 00000024         
  585 00000024         ; User Initial Stack & Heap
  586 00000024         
  587 00000024                 IF               :DEF:__MICROLIB
  588 00000024         
  589 00000024                 EXPORT           __initial_sp
  590 00000024                 EXPORT           __heap_base
  591 00000024                 EXPORT           __heap_limit
  592 00000024         
  593 00000024                 ELSE
  607                          ENDIF
  608 00000024         
  609 00000024         
  610 00000024                 END
              40050810 
              00000000 
              00000000 
Command Line: --debug --xref --diag_suppress=9931 --cpu=Cortex-M4.fp.sp --apcs=
interwork --depend=.\output\debug\startup_hc32f334.d -o.\output\debug\startup_h
c32f334.o -IC:\Users\fitch\AppData\Local\Arm\Packs\HDSC\HC32F334\1.0.0\Device\I
nclude --predefine="__MICROLIB SETA 1" --predefine="__UVISION_VERSION SETA 542"
 --list=.\output\debug\startup_hc32f334.lst startup_hc32f334.s



ARM Macro Assembler    Page 1 Alphabetic symbol ordering
Relocatable symbols

STACK 00000000

Symbol: STACK
   Definitions
      At line 27 in file startup_hc32f334.s
   Uses
      None
Comment: STACK unused
Stack_Mem 00000000

Symbol: Stack_Mem
   Definitions
      At line 28 in file startup_hc32f334.s
   Uses
      None
Comment: Stack_Mem unused
__initial_sp 00000C00

Symbol: __initial_sp
   Definitions
      At line 29 in file startup_hc32f334.s
   Uses
      At line 52 in file startup_hc32f334.s
      At line 589 in file startup_hc32f334.s

3 symbols



ARM Macro Assembler    Page 1 Alphabetic symbol ordering
Relocatable symbols

HEAP 00000000

Symbol: HEAP
   Definitions
      At line 37 in file startup_hc32f334.s
   Uses
      None
Comment: HEAP unused
Heap_Mem 00000000

Symbol: Heap_Mem
   Definitions
      At line 39 in file startup_hc32f334.s
   Uses
      None
Comment: Heap_Mem unused
__heap_base 00000000

Symbol: __heap_base
   Definitions
      At line 38 in file startup_hc32f334.s
   Uses
      At line 590 in file startup_hc32f334.s
Comment: __heap_base used once
__heap_limit 00000400

Symbol: __heap_limit
   Definitions
      At line 40 in file startup_hc32f334.s
   Uses
      At line 591 in file startup_hc32f334.s
Comment: __heap_limit used once
4 symbols



ARM Macro Assembler    Page 1 Alphabetic symbol ordering
Relocatable symbols

RESET 00000000

Symbol: RESET
   Definitions
      At line 47 in file startup_hc32f334.s
   Uses
      None
Comment: RESET unused
__Vectors 00000000

Symbol: __Vectors
   Definitions
      At line 52 in file startup_hc32f334.s
   Uses
      At line 48 in file startup_hc32f334.s
      At line 219 in file startup_hc32f334.s

__Vectors_End 00000288

Symbol: __Vectors_End
   Definitions
      At line 217 in file startup_hc32f334.s
   Uses
      At line 49 in file startup_hc32f334.s
      At line 219 in file startup_hc32f334.s

3 symbols



ARM Macro Assembler    Page 1 Alphabetic symbol ordering
Relocatable symbols

.text 00000000

Symbol: .text
   Definitions
      At line 221 in file startup_hc32f334.s
   Uses
      None
Comment: .text unused
ADC1_Handler 00000022

Symbol: ADC1_Handler
   Definitions
      At line 575 in file startup_hc32f334.s
   Uses
      At line 213 in file startup_hc32f334.s
      At line 428 in file startup_hc32f334.s

ADC2_Handler 00000022

Symbol: ADC2_Handler
   Definitions
      At line 576 in file startup_hc32f334.s
   Uses
      At line 214 in file startup_hc32f334.s
      At line 429 in file startup_hc32f334.s

ADC3_Handler 00000022

Symbol: ADC3_Handler
   Definitions
      At line 577 in file startup_hc32f334.s
   Uses
      At line 215 in file startup_hc32f334.s
      At line 430 in file startup_hc32f334.s

BusFault_Handler 00000016

Symbol: BusFault_Handler
   Definitions
      At line 257 in file startup_hc32f334.s
   Uses
      At line 57 in file startup_hc32f334.s
      At line 258 in file startup_hc32f334.s

CLK_XtalStop_Handler 00000022

Symbol: CLK_XtalStop_Handler
   Definitions
      At line 479 in file startup_hc32f334.s
   Uses
      At line 117 in file startup_hc32f334.s
      At line 332 in file startup_hc32f334.s

CMP1_Handler 00000022

Symbol: CMP1_Handler
   Definitions
      At line 549 in file startup_hc32f334.s
   Uses



ARM Macro Assembler    Page 2 Alphabetic symbol ordering
Relocatable symbols

      At line 187 in file startup_hc32f334.s
      At line 402 in file startup_hc32f334.s

CMP2_Handler 00000022

Symbol: CMP2_Handler
   Definitions
      At line 550 in file startup_hc32f334.s
   Uses
      At line 188 in file startup_hc32f334.s
      At line 403 in file startup_hc32f334.s

CMP3_Handler 00000022

Symbol: CMP3_Handler
   Definitions
      At line 551 in file startup_hc32f334.s
   Uses
      At line 189 in file startup_hc32f334.s
      At line 404 in file startup_hc32f334.s

CTC_Handler 00000022

Symbol: CTC_Handler
   Definitions
      At line 574 in file startup_hc32f334.s
   Uses
      At line 212 in file startup_hc32f334.s
      At line 427 in file startup_hc32f334.s

DMA_Error_Handler 00000022

Symbol: DMA_Error_Handler
   Definitions
      At line 464 in file startup_hc32f334.s
   Uses
      At line 102 in file startup_hc32f334.s
      At line 317 in file startup_hc32f334.s

DMA_TC0_BTC0_Handler 00000022

Symbol: DMA_TC0_BTC0_Handler
   Definitions
      At line 465 in file startup_hc32f334.s
   Uses
      At line 103 in file startup_hc32f334.s
      At line 318 in file startup_hc32f334.s

DMA_TC1_BTC1_Handler 00000022

Symbol: DMA_TC1_BTC1_Handler
   Definitions
      At line 466 in file startup_hc32f334.s
   Uses
      At line 104 in file startup_hc32f334.s
      At line 319 in file startup_hc32f334.s

DMA_TC2_BTC2_Handler 00000022




ARM Macro Assembler    Page 3 Alphabetic symbol ordering
Relocatable symbols

Symbol: DMA_TC2_BTC2_Handler
   Definitions
      At line 467 in file startup_hc32f334.s
   Uses
      At line 105 in file startup_hc32f334.s
      At line 320 in file startup_hc32f334.s

DMA_TC3_BTC3_Handler 00000022

Symbol: DMA_TC3_BTC3_Handler
   Definitions
      At line 468 in file startup_hc32f334.s
   Uses
      At line 106 in file startup_hc32f334.s
      At line 321 in file startup_hc32f334.s

DMA_TC4_BTC4_Handler 00000022

Symbol: DMA_TC4_BTC4_Handler
   Definitions
      At line 469 in file startup_hc32f334.s
   Uses
      At line 107 in file startup_hc32f334.s
      At line 322 in file startup_hc32f334.s

DMA_TC5_BTC5_Handler 00000022

Symbol: DMA_TC5_BTC5_Handler
   Definitions
      At line 470 in file startup_hc32f334.s
   Uses
      At line 108 in file startup_hc32f334.s
      At line 323 in file startup_hc32f334.s

DMA_TC6_BTC6_Handler 00000022

Symbol: DMA_TC6_BTC6_Handler
   Definitions
      At line 471 in file startup_hc32f334.s
   Uses
      At line 109 in file startup_hc32f334.s
      At line 324 in file startup_hc32f334.s

DMA_TC7_BTC7_Handler 00000022

Symbol: DMA_TC7_BTC7_Handler
   Definitions
      At line 472 in file startup_hc32f334.s
   Uses
      At line 110 in file startup_hc32f334.s
      At line 325 in file startup_hc32f334.s

DebugMon_Handler 0000001C

Symbol: DebugMon_Handler
   Definitions
      At line 271 in file startup_hc32f334.s
   Uses
      At line 64 in file startup_hc32f334.s



ARM Macro Assembler    Page 4 Alphabetic symbol ordering
Relocatable symbols

      At line 272 in file startup_hc32f334.s

Default_Handler 00000022

Symbol: Default_Handler
   Definitions
      At line 284 in file startup_hc32f334.s
   Uses
      None
Comment: Default_Handler unused
EFM_OpEnd_Handler 00000022

Symbol: EFM_OpEnd_Handler
   Definitions
      At line 474 in file startup_hc32f334.s
   Uses
      At line 112 in file startup_hc32f334.s
      At line 327 in file startup_hc32f334.s

EFM_PEError_ReadCol_Handler 00000022

Symbol: EFM_PEError_ReadCol_Handler
   Definitions
      At line 473 in file startup_hc32f334.s
   Uses
      At line 111 in file startup_hc32f334.s
      At line 326 in file startup_hc32f334.s

EMB_GR0_Handler 00000022

Symbol: EMB_GR0_Handler
   Definitions
      At line 515 in file startup_hc32f334.s
   Uses
      At line 153 in file startup_hc32f334.s
      At line 368 in file startup_hc32f334.s

EMB_GR1_Handler 00000022

Symbol: EMB_GR1_Handler
   Definitions
      At line 516 in file startup_hc32f334.s
   Uses
      At line 154 in file startup_hc32f334.s
      At line 369 in file startup_hc32f334.s

EMB_GR2_Handler 00000022

Symbol: EMB_GR2_Handler
   Definitions
      At line 517 in file startup_hc32f334.s
   Uses
      At line 155 in file startup_hc32f334.s
      At line 370 in file startup_hc32f334.s

EMB_GR3_Handler 00000022

Symbol: EMB_GR3_Handler
   Definitions



ARM Macro Assembler    Page 5 Alphabetic symbol ordering
Relocatable symbols

      At line 518 in file startup_hc32f334.s
   Uses
      At line 156 in file startup_hc32f334.s
      At line 371 in file startup_hc32f334.s

EMB_GR4_Handler 00000022

Symbol: EMB_GR4_Handler
   Definitions
      At line 527 in file startup_hc32f334.s
   Uses
      At line 165 in file startup_hc32f334.s
      At line 380 in file startup_hc32f334.s

EMB_GR5_Handler 00000022

Symbol: EMB_GR5_Handler
   Definitions
      At line 528 in file startup_hc32f334.s
   Uses
      At line 166 in file startup_hc32f334.s
      At line 381 in file startup_hc32f334.s

EMB_GR6_Handler 00000022

Symbol: EMB_GR6_Handler
   Definitions
      At line 529 in file startup_hc32f334.s
   Uses
      At line 167 in file startup_hc32f334.s
      At line 382 in file startup_hc32f334.s

EMB_GR7_Handler 00000022

Symbol: EMB_GR7_Handler
   Definitions
      At line 530 in file startup_hc32f334.s
   Uses
      At line 168 in file startup_hc32f334.s
      At line 383 in file startup_hc32f334.s

EMB_GR8_Handler 00000022

Symbol: EMB_GR8_Handler
   Definitions
      At line 531 in file startup_hc32f334.s
   Uses
      At line 169 in file startup_hc32f334.s
      At line 384 in file startup_hc32f334.s

EVENT_PORT1_Handler 00000022

Symbol: EVENT_PORT1_Handler
   Definitions
      At line 558 in file startup_hc32f334.s
   Uses
      At line 196 in file startup_hc32f334.s
      At line 411 in file startup_hc32f334.s




ARM Macro Assembler    Page 6 Alphabetic symbol ordering
Relocatable symbols

EVENT_PORT2_Handler 00000022

Symbol: EVENT_PORT2_Handler
   Definitions
      At line 559 in file startup_hc32f334.s
   Uses
      At line 197 in file startup_hc32f334.s
      At line 412 in file startup_hc32f334.s

EVENT_PORT3_Handler 00000022

Symbol: EVENT_PORT3_Handler
   Definitions
      At line 560 in file startup_hc32f334.s
   Uses
      At line 198 in file startup_hc32f334.s
      At line 413 in file startup_hc32f334.s

EVENT_PORT4_Handler 00000022

Symbol: EVENT_PORT4_Handler
   Definitions
      At line 561 in file startup_hc32f334.s
   Uses
      At line 199 in file startup_hc32f334.s
      At line 414 in file startup_hc32f334.s

EXTINT00_SWINT16_Handler 00000022

Symbol: EXTINT00_SWINT16_Handler
   Definitions
      At line 448 in file startup_hc32f334.s
   Uses
      At line 86 in file startup_hc32f334.s
      At line 301 in file startup_hc32f334.s

EXTINT01_SWINT17_Handler 00000022

Symbol: EXTINT01_SWINT17_Handler
   Definitions
      At line 449 in file startup_hc32f334.s
   Uses
      At line 87 in file startup_hc32f334.s
      At line 302 in file startup_hc32f334.s

EXTINT02_SWINT18_Handler 00000022

Symbol: EXTINT02_SWINT18_Handler
   Definitions
      At line 450 in file startup_hc32f334.s
   Uses
      At line 88 in file startup_hc32f334.s
      At line 303 in file startup_hc32f334.s

EXTINT03_SWINT19_Handler 00000022

Symbol: EXTINT03_SWINT19_Handler
   Definitions
      At line 451 in file startup_hc32f334.s



ARM Macro Assembler    Page 7 Alphabetic symbol ordering
Relocatable symbols

   Uses
      At line 89 in file startup_hc32f334.s
      At line 304 in file startup_hc32f334.s

EXTINT04_SWINT20_Handler 00000022

Symbol: EXTINT04_SWINT20_Handler
   Definitions
      At line 452 in file startup_hc32f334.s
   Uses
      At line 90 in file startup_hc32f334.s
      At line 305 in file startup_hc32f334.s

EXTINT05_SWINT21_Handler 00000022

Symbol: EXTINT05_SWINT21_Handler
   Definitions
      At line 453 in file startup_hc32f334.s
   Uses
      At line 91 in file startup_hc32f334.s
      At line 306 in file startup_hc32f334.s

EXTINT06_SWINT22_Handler 00000022

Symbol: EXTINT06_SWINT22_Handler
   Definitions
      At line 454 in file startup_hc32f334.s
   Uses
      At line 92 in file startup_hc32f334.s
      At line 307 in file startup_hc32f334.s

EXTINT07_SWINT23_Handler 00000022

Symbol: EXTINT07_SWINT23_Handler
   Definitions
      At line 455 in file startup_hc32f334.s
   Uses
      At line 93 in file startup_hc32f334.s
      At line 308 in file startup_hc32f334.s

EXTINT08_SWINT24_Handler 00000022

Symbol: EXTINT08_SWINT24_Handler
   Definitions
      At line 456 in file startup_hc32f334.s
   Uses
      At line 94 in file startup_hc32f334.s
      At line 309 in file startup_hc32f334.s

EXTINT09_SWINT25_Handler 00000022

Symbol: EXTINT09_SWINT25_Handler
   Definitions
      At line 457 in file startup_hc32f334.s
   Uses
      At line 95 in file startup_hc32f334.s
      At line 310 in file startup_hc32f334.s

EXTINT10_SWINT26_Handler 00000022



ARM Macro Assembler    Page 8 Alphabetic symbol ordering
Relocatable symbols


Symbol: EXTINT10_SWINT26_Handler
   Definitions
      At line 458 in file startup_hc32f334.s
   Uses
      At line 96 in file startup_hc32f334.s
      At line 311 in file startup_hc32f334.s

EXTINT11_SWINT27_Handler 00000022

Symbol: EXTINT11_SWINT27_Handler
   Definitions
      At line 459 in file startup_hc32f334.s
   Uses
      At line 97 in file startup_hc32f334.s
      At line 312 in file startup_hc32f334.s

EXTINT12_SWINT28_Handler 00000022

Symbol: EXTINT12_SWINT28_Handler
   Definitions
      At line 460 in file startup_hc32f334.s
   Uses
      At line 98 in file startup_hc32f334.s
      At line 313 in file startup_hc32f334.s

EXTINT13_SWINT29_Handler 00000022

Symbol: EXTINT13_SWINT29_Handler
   Definitions
      At line 461 in file startup_hc32f334.s
   Uses
      At line 99 in file startup_hc32f334.s
      At line 314 in file startup_hc32f334.s

EXTINT14_SWINT30_Handler 00000022

Symbol: EXTINT14_SWINT30_Handler
   Definitions
      At line 462 in file startup_hc32f334.s
   Uses
      At line 100 in file startup_hc32f334.s
      At line 315 in file startup_hc32f334.s

EXTINT15_SWINT31_Handler 00000022

Symbol: EXTINT15_SWINT31_Handler
   Definitions
      At line 463 in file startup_hc32f334.s
   Uses
      At line 101 in file startup_hc32f334.s
      At line 316 in file startup_hc32f334.s

FCM_Handler 00000022

Symbol: FCM_Handler
   Definitions
      At line 572 in file startup_hc32f334.s
   Uses



ARM Macro Assembler    Page 9 Alphabetic symbol ordering
Relocatable symbols

      At line 210 in file startup_hc32f334.s
      At line 425 in file startup_hc32f334.s

FPU_Error_Handler 00000022

Symbol: FPU_Error_Handler
   Definitions
      At line 475 in file startup_hc32f334.s
   Uses
      At line 113 in file startup_hc32f334.s
      At line 328 in file startup_hc32f334.s

HRPWM_1_GCap_Handler 00000022

Symbol: HRPWM_1_GCap_Handler
   Definitions
      At line 509 in file startup_hc32f334.s
   Uses
      At line 147 in file startup_hc32f334.s
      At line 362 in file startup_hc32f334.s

HRPWM_1_GCmp_Handler 00000022

Symbol: HRPWM_1_GCmp_Handler
   Definitions
      At line 506 in file startup_hc32f334.s
   Uses
      At line 144 in file startup_hc32f334.s
      At line 359 in file startup_hc32f334.s

HRPWM_1_Ovf_Udf_Handler 00000022

Symbol: HRPWM_1_Ovf_Udf_Handler
   Definitions
      At line 507 in file startup_hc32f334.s
   Uses
      At line 145 in file startup_hc32f334.s
      At line 360 in file startup_hc32f334.s

HRPWM_1_SCmp_Handler 00000022

Symbol: HRPWM_1_SCmp_Handler
   Definitions
      At line 508 in file startup_hc32f334.s
   Uses
      At line 146 in file startup_hc32f334.s
      At line 361 in file startup_hc32f334.s

HRPWM_2_GCap_Handler 00000022

Symbol: HRPWM_2_GCap_Handler
   Definitions
      At line 513 in file startup_hc32f334.s
   Uses
      At line 151 in file startup_hc32f334.s
      At line 366 in file startup_hc32f334.s

HRPWM_2_GCmp_Handler 00000022




ARM Macro Assembler    Page 10 Alphabetic symbol ordering
Relocatable symbols

Symbol: HRPWM_2_GCmp_Handler
   Definitions
      At line 510 in file startup_hc32f334.s
   Uses
      At line 148 in file startup_hc32f334.s
      At line 363 in file startup_hc32f334.s

HRPWM_2_Ovf_Udf_Handler 00000022

Symbol: HRPWM_2_Ovf_Udf_Handler
   Definitions
      At line 511 in file startup_hc32f334.s
   Uses
      At line 149 in file startup_hc32f334.s
      At line 364 in file startup_hc32f334.s

HRPWM_2_SCmp_Handler 00000022

Symbol: HRPWM_2_SCmp_Handler
   Definitions
      At line 512 in file startup_hc32f334.s
   Uses
      At line 150 in file startup_hc32f334.s
      At line 365 in file startup_hc32f334.s

HRPWM_3_GCap_Handler 00000022

Symbol: HRPWM_3_GCap_Handler
   Definitions
      At line 522 in file startup_hc32f334.s
   Uses
      At line 160 in file startup_hc32f334.s
      At line 375 in file startup_hc32f334.s

HRPWM_3_GCmp_Handler 00000022

Symbol: HRPWM_3_GCmp_Handler
   Definitions
      At line 519 in file startup_hc32f334.s
   Uses
      At line 157 in file startup_hc32f334.s
      At line 372 in file startup_hc32f334.s

HRPWM_3_Ovf_Udf_Handler 00000022

Symbol: HRPWM_3_Ovf_Udf_Handler
   Definitions
      At line 520 in file startup_hc32f334.s
   Uses
      At line 158 in file startup_hc32f334.s
      At line 373 in file startup_hc32f334.s

HRPWM_3_SCmp_Handler 00000022

Symbol: HRPWM_3_SCmp_Handler
   Definitions
      At line 521 in file startup_hc32f334.s
   Uses
      At line 159 in file startup_hc32f334.s



ARM Macro Assembler    Page 11 Alphabetic symbol ordering
Relocatable symbols

      At line 374 in file startup_hc32f334.s

HRPWM_4_GCap_Handler 00000022

Symbol: HRPWM_4_GCap_Handler
   Definitions
      At line 526 in file startup_hc32f334.s
   Uses
      At line 164 in file startup_hc32f334.s
      At line 379 in file startup_hc32f334.s

HRPWM_4_GCmp_Handler 00000022

Symbol: HRPWM_4_GCmp_Handler
   Definitions
      At line 523 in file startup_hc32f334.s
   Uses
      At line 161 in file startup_hc32f334.s
      At line 376 in file startup_hc32f334.s

HRPWM_4_Ovf_Udf_Handler 00000022

Symbol: HRPWM_4_Ovf_Udf_Handler
   Definitions
      At line 524 in file startup_hc32f334.s
   Uses
      At line 162 in file startup_hc32f334.s
      At line 377 in file startup_hc32f334.s

HRPWM_4_SCmp_Handler 00000022

Symbol: HRPWM_4_SCmp_Handler
   Definitions
      At line 525 in file startup_hc32f334.s
   Uses
      At line 163 in file startup_hc32f334.s
      At line 378 in file startup_hc32f334.s

HRPWM_5_GCap_Handler 00000022

Symbol: HRPWM_5_GCap_Handler
   Definitions
      At line 535 in file startup_hc32f334.s
   Uses
      At line 173 in file startup_hc32f334.s
      At line 388 in file startup_hc32f334.s

HRPWM_5_GCmp_Handler 00000022

Symbol: HRPWM_5_GCmp_Handler
   Definitions
      At line 532 in file startup_hc32f334.s
   Uses
      At line 170 in file startup_hc32f334.s
      At line 385 in file startup_hc32f334.s

HRPWM_5_Ovf_Udf_Handler 00000022

Symbol: HRPWM_5_Ovf_Udf_Handler



ARM Macro Assembler    Page 12 Alphabetic symbol ordering
Relocatable symbols

   Definitions
      At line 533 in file startup_hc32f334.s
   Uses
      At line 171 in file startup_hc32f334.s
      At line 386 in file startup_hc32f334.s

HRPWM_5_SCmp_Handler 00000022

Symbol: HRPWM_5_SCmp_Handler
   Definitions
      At line 534 in file startup_hc32f334.s
   Uses
      At line 172 in file startup_hc32f334.s
      At line 387 in file startup_hc32f334.s

HRPWM_6_GCap_Handler 00000022

Symbol: HRPWM_6_GCap_Handler
   Definitions
      At line 539 in file startup_hc32f334.s
   Uses
      At line 177 in file startup_hc32f334.s
      At line 392 in file startup_hc32f334.s

HRPWM_6_GCmp_Handler 00000022

Symbol: HRPWM_6_GCmp_Handler
   Definitions
      At line 536 in file startup_hc32f334.s
   Uses
      At line 174 in file startup_hc32f334.s
      At line 389 in file startup_hc32f334.s

HRPWM_6_Ovf_Udf_Handler 00000022

Symbol: HRPWM_6_Ovf_Udf_Handler
   Definitions
      At line 537 in file startup_hc32f334.s
   Uses
      At line 175 in file startup_hc32f334.s
      At line 390 in file startup_hc32f334.s

HRPWM_6_SCmp_Handler 00000022

Symbol: HRPWM_6_SCmp_Handler
   Definitions
      At line 538 in file startup_hc32f334.s
   Uses
      At line 176 in file startup_hc32f334.s
      At line 391 in file startup_hc32f334.s

HRPWM_Handler 00000022

Symbol: HRPWM_Handler
   Definitions
      At line 514 in file startup_hc32f334.s
   Uses
      At line 152 in file startup_hc32f334.s
      At line 367 in file startup_hc32f334.s



ARM Macro Assembler    Page 13 Alphabetic symbol ordering
Relocatable symbols


HardFault_Handler 00000012

Symbol: HardFault_Handler
   Definitions
      At line 247 in file startup_hc32f334.s
   Uses
      At line 55 in file startup_hc32f334.s
      At line 248 in file startup_hc32f334.s

I2C_Handler 00000022

Symbol: I2C_Handler
   Definitions
      At line 552 in file startup_hc32f334.s
   Uses
      At line 190 in file startup_hc32f334.s
      At line 405 in file startup_hc32f334.s

IRQ000_Handler 00000022

Symbol: IRQ000_Handler
   Definitions
      At line 432 in file startup_hc32f334.s
   Uses
      At line 70 in file startup_hc32f334.s
      At line 285 in file startup_hc32f334.s

IRQ001_Handler 00000022

Symbol: IRQ001_Handler
   Definitions
      At line 433 in file startup_hc32f334.s
   Uses
      At line 71 in file startup_hc32f334.s
      At line 286 in file startup_hc32f334.s

IRQ002_Handler 00000022

Symbol: IRQ002_Handler
   Definitions
      At line 434 in file startup_hc32f334.s
   Uses
      At line 72 in file startup_hc32f334.s
      At line 287 in file startup_hc32f334.s

IRQ003_Handler 00000022

Symbol: IRQ003_Handler
   Definitions
      At line 435 in file startup_hc32f334.s
   Uses
      At line 73 in file startup_hc32f334.s
      At line 288 in file startup_hc32f334.s

IRQ004_Handler 00000022

Symbol: IRQ004_Handler
   Definitions



ARM Macro Assembler    Page 14 Alphabetic symbol ordering
Relocatable symbols

      At line 436 in file startup_hc32f334.s
   Uses
      At line 74 in file startup_hc32f334.s
      At line 289 in file startup_hc32f334.s

IRQ005_Handler 00000022

Symbol: IRQ005_Handler
   Definitions
      At line 437 in file startup_hc32f334.s
   Uses
      At line 75 in file startup_hc32f334.s
      At line 290 in file startup_hc32f334.s

IRQ006_Handler 00000022

Symbol: IRQ006_Handler
   Definitions
      At line 438 in file startup_hc32f334.s
   Uses
      At line 76 in file startup_hc32f334.s
      At line 291 in file startup_hc32f334.s

IRQ007_Handler 00000022

Symbol: IRQ007_Handler
   Definitions
      At line 439 in file startup_hc32f334.s
   Uses
      At line 77 in file startup_hc32f334.s
      At line 292 in file startup_hc32f334.s

IRQ008_Handler 00000022

Symbol: IRQ008_Handler
   Definitions
      At line 440 in file startup_hc32f334.s
   Uses
      At line 78 in file startup_hc32f334.s
      At line 293 in file startup_hc32f334.s

IRQ009_Handler 00000022

Symbol: IRQ009_Handler
   Definitions
      At line 441 in file startup_hc32f334.s
   Uses
      At line 79 in file startup_hc32f334.s
      At line 294 in file startup_hc32f334.s

IRQ010_Handler 00000022

Symbol: IRQ010_Handler
   Definitions
      At line 442 in file startup_hc32f334.s
   Uses
      At line 80 in file startup_hc32f334.s
      At line 295 in file startup_hc32f334.s




ARM Macro Assembler    Page 15 Alphabetic symbol ordering
Relocatable symbols

IRQ011_Handler 00000022

Symbol: IRQ011_Handler
   Definitions
      At line 443 in file startup_hc32f334.s
   Uses
      At line 81 in file startup_hc32f334.s
      At line 296 in file startup_hc32f334.s

IRQ012_Handler 00000022

Symbol: IRQ012_Handler
   Definitions
      At line 444 in file startup_hc32f334.s
   Uses
      At line 82 in file startup_hc32f334.s
      At line 297 in file startup_hc32f334.s

IRQ013_Handler 00000022

Symbol: IRQ013_Handler
   Definitions
      At line 445 in file startup_hc32f334.s
   Uses
      At line 83 in file startup_hc32f334.s
      At line 298 in file startup_hc32f334.s

IRQ014_Handler 00000022

Symbol: IRQ014_Handler
   Definitions
      At line 446 in file startup_hc32f334.s
   Uses
      At line 84 in file startup_hc32f334.s
      At line 299 in file startup_hc32f334.s

IRQ015_Handler 00000022

Symbol: IRQ015_Handler
   Definitions
      At line 447 in file startup_hc32f334.s
   Uses
      At line 85 in file startup_hc32f334.s
      At line 300 in file startup_hc32f334.s

MCAN1_INT0_Handler 00000022

Symbol: MCAN1_INT0_Handler
   Definitions
      At line 541 in file startup_hc32f334.s
   Uses
      At line 179 in file startup_hc32f334.s
      At line 394 in file startup_hc32f334.s

MCAN1_INT1_Handler 00000022

Symbol: MCAN1_INT1_Handler
   Definitions
      At line 542 in file startup_hc32f334.s



ARM Macro Assembler    Page 16 Alphabetic symbol ordering
Relocatable symbols

   Uses
      At line 180 in file startup_hc32f334.s
      At line 395 in file startup_hc32f334.s

MCAN2_INT0_Handler 00000022

Symbol: MCAN2_INT0_Handler
   Definitions
      At line 543 in file startup_hc32f334.s
   Uses
      At line 181 in file startup_hc32f334.s
      At line 396 in file startup_hc32f334.s

MCAN2_INT1_Handler 00000022

Symbol: MCAN2_INT1_Handler
   Definitions
      At line 544 in file startup_hc32f334.s
   Uses
      At line 182 in file startup_hc32f334.s
      At line 397 in file startup_hc32f334.s

MCANRAM_ECCError_Handler 00000022

Symbol: MCANRAM_ECCError_Handler
   Definitions
      At line 540 in file startup_hc32f334.s
   Uses
      At line 178 in file startup_hc32f334.s
      At line 393 in file startup_hc32f334.s

MemManage_Handler 00000014

Symbol: MemManage_Handler
   Definitions
      At line 252 in file startup_hc32f334.s
   Uses
      At line 56 in file startup_hc32f334.s
      At line 253 in file startup_hc32f334.s

NMI_Handler 00000010

Symbol: NMI_Handler
   Definitions
      At line 242 in file startup_hc32f334.s
   Uses
      At line 54 in file startup_hc32f334.s
      At line 243 in file startup_hc32f334.s

PLA_Handler 00000022

Symbol: PLA_Handler
   Definitions
      At line 568 in file startup_hc32f334.s
   Uses
      At line 206 in file startup_hc32f334.s
      At line 421 in file startup_hc32f334.s

PWC_LVD1_Handler 00000022



ARM Macro Assembler    Page 17 Alphabetic symbol ordering
Relocatable symbols


Symbol: PWC_LVD1_Handler
   Definitions
      At line 570 in file startup_hc32f334.s
   Uses
      At line 208 in file startup_hc32f334.s
      At line 423 in file startup_hc32f334.s

PWC_LVD2_Handler 00000022

Symbol: PWC_LVD2_Handler
   Definitions
      At line 571 in file startup_hc32f334.s
   Uses
      At line 209 in file startup_hc32f334.s
      At line 424 in file startup_hc32f334.s

PWC_WKTM_Handler 00000022

Symbol: PWC_WKTM_Handler
   Definitions
      At line 480 in file startup_hc32f334.s
   Uses
      At line 118 in file startup_hc32f334.s
      At line 333 in file startup_hc32f334.s

PendSV_Handler 0000001E

Symbol: PendSV_Handler
   Definitions
      At line 275 in file startup_hc32f334.s
   Uses
      At line 66 in file startup_hc32f334.s
      At line 276 in file startup_hc32f334.s

RTC_Handler 00000022

Symbol: RTC_Handler
   Definitions
      At line 478 in file startup_hc32f334.s
   Uses
      At line 116 in file startup_hc32f334.s
      At line 331 in file startup_hc32f334.s

Reset_Handler 00000000

Symbol: Reset_Handler
   Definitions
      At line 225 in file startup_hc32f334.s
   Uses
      At line 53 in file startup_hc32f334.s
      At line 226 in file startup_hc32f334.s

SPI_Handler 00000022

Symbol: SPI_Handler
   Definitions
      At line 555 in file startup_hc32f334.s
   Uses



ARM Macro Assembler    Page 18 Alphabetic symbol ordering
Relocatable symbols

      At line 193 in file startup_hc32f334.s
      At line 408 in file startup_hc32f334.s

SVC_Handler 0000001A

Symbol: SVC_Handler
   Definitions
      At line 266 in file startup_hc32f334.s
   Uses
      At line 63 in file startup_hc32f334.s
      At line 267 in file startup_hc32f334.s

SWDT_Handler 00000022

Symbol: SWDT_Handler
   Definitions
      At line 481 in file startup_hc32f334.s
   Uses
      At line 119 in file startup_hc32f334.s
      At line 334 in file startup_hc32f334.s

SysTick_Handler 00000020

Symbol: SysTick_Handler
   Definitions
      At line 279 in file startup_hc32f334.s
   Uses
      At line 67 in file startup_hc32f334.s
      At line 280 in file startup_hc32f334.s

TMR0_1_Handler 00000022

Symbol: TMR0_1_Handler
   Definitions
      At line 476 in file startup_hc32f334.s
   Uses
      At line 114 in file startup_hc32f334.s
      At line 329 in file startup_hc32f334.s

TMR0_2_Handler 00000022

Symbol: TMR0_2_Handler
   Definitions
      At line 477 in file startup_hc32f334.s
   Uses
      At line 115 in file startup_hc32f334.s
      At line 330 in file startup_hc32f334.s

TMR4_GCmp_Handler 00000022

Symbol: TMR4_GCmp_Handler
   Definitions
      At line 545 in file startup_hc32f334.s
   Uses
      At line 183 in file startup_hc32f334.s
      At line 398 in file startup_hc32f334.s

TMR4_Ovf_Udf_Handler 00000022




ARM Macro Assembler    Page 19 Alphabetic symbol ordering
Relocatable symbols

Symbol: TMR4_Ovf_Udf_Handler
   Definitions
      At line 546 in file startup_hc32f334.s
   Uses
      At line 184 in file startup_hc32f334.s
      At line 399 in file startup_hc32f334.s

TMR4_Reload_Handler 00000022

Symbol: TMR4_Reload_Handler
   Definitions
      At line 547 in file startup_hc32f334.s
   Uses
      At line 185 in file startup_hc32f334.s
      At line 400 in file startup_hc32f334.s

TMR4_SCmp_Handler 00000022

Symbol: TMR4_SCmp_Handler
   Definitions
      At line 548 in file startup_hc32f334.s
   Uses
      At line 186 in file startup_hc32f334.s
      At line 401 in file startup_hc32f334.s

TMR6_1_Dte_Handler 00000022

Symbol: TMR6_1_Dte_Handler
   Definitions
      At line 484 in file startup_hc32f334.s
   Uses
      At line 122 in file startup_hc32f334.s
      At line 337 in file startup_hc32f334.s

TMR6_1_GCmp_Handler 00000022

Symbol: TMR6_1_GCmp_Handler
   Definitions
      At line 482 in file startup_hc32f334.s
   Uses
      At line 120 in file startup_hc32f334.s
      At line 335 in file startup_hc32f334.s

TMR6_1_Ovf_Udf_Handler 00000022

Symbol: TMR6_1_Ovf_Udf_Handler
   Definitions
      At line 483 in file startup_hc32f334.s
   Uses
      At line 121 in file startup_hc32f334.s
      At line 336 in file startup_hc32f334.s

TMR6_1_SCmp_Handler 00000022

Symbol: TMR6_1_SCmp_Handler
   Definitions
      At line 485 in file startup_hc32f334.s
   Uses
      At line 123 in file startup_hc32f334.s



ARM Macro Assembler    Page 20 Alphabetic symbol ordering
Relocatable symbols

      At line 338 in file startup_hc32f334.s

TMR6_2_Dte_Handler 00000022

Symbol: TMR6_2_Dte_Handler
   Definitions
      At line 490 in file startup_hc32f334.s
   Uses
      At line 128 in file startup_hc32f334.s
      At line 343 in file startup_hc32f334.s

TMR6_2_GCmp_Handler 00000022

Symbol: TMR6_2_GCmp_Handler
   Definitions
      At line 488 in file startup_hc32f334.s
   Uses
      At line 126 in file startup_hc32f334.s
      At line 341 in file startup_hc32f334.s

TMR6_2_Ovf_Udf_Handler 00000022

Symbol: TMR6_2_Ovf_Udf_Handler
   Definitions
      At line 489 in file startup_hc32f334.s
   Uses
      At line 127 in file startup_hc32f334.s
      At line 342 in file startup_hc32f334.s

TMR6_2_SCmp_Handler 00000022

Symbol: TMR6_2_SCmp_Handler
   Definitions
      At line 491 in file startup_hc32f334.s
   Uses
      At line 129 in file startup_hc32f334.s
      At line 344 in file startup_hc32f334.s

TMR6_3_Dte_Handler 00000022

Symbol: TMR6_3_Dte_Handler
   Definitions
      At line 496 in file startup_hc32f334.s
   Uses
      At line 134 in file startup_hc32f334.s
      At line 349 in file startup_hc32f334.s

TMR6_3_GCmp_Handler 00000022

Symbol: TMR6_3_GCmp_Handler
   Definitions
      At line 494 in file startup_hc32f334.s
   Uses
      At line 132 in file startup_hc32f334.s
      At line 347 in file startup_hc32f334.s

TMR6_3_Ovf_Udf_Handler 00000022

Symbol: TMR6_3_Ovf_Udf_Handler



ARM Macro Assembler    Page 21 Alphabetic symbol ordering
Relocatable symbols

   Definitions
      At line 495 in file startup_hc32f334.s
   Uses
      At line 133 in file startup_hc32f334.s
      At line 348 in file startup_hc32f334.s

TMR6_3_SCmp_Handler 00000022

Symbol: TMR6_3_SCmp_Handler
   Definitions
      At line 497 in file startup_hc32f334.s
   Uses
      At line 135 in file startup_hc32f334.s
      At line 350 in file startup_hc32f334.s

TMR6_4_Dte_Handler 00000022

Symbol: TMR6_4_Dte_Handler
   Definitions
      At line 502 in file startup_hc32f334.s
   Uses
      At line 140 in file startup_hc32f334.s
      At line 355 in file startup_hc32f334.s

TMR6_4_GCmp_Handler 00000022

Symbol: TMR6_4_GCmp_Handler
   Definitions
      At line 500 in file startup_hc32f334.s
   Uses
      At line 138 in file startup_hc32f334.s
      At line 353 in file startup_hc32f334.s

TMR6_4_Ovf_Udf_Handler 00000022

Symbol: TMR6_4_Ovf_Udf_Handler
   Definitions
      At line 501 in file startup_hc32f334.s
   Uses
      At line 139 in file startup_hc32f334.s
      At line 354 in file startup_hc32f334.s

TMR6_4_SCmp_Handler 00000022

Symbol: TMR6_4_SCmp_Handler
   Definitions
      At line 503 in file startup_hc32f334.s
   Uses
      At line 141 in file startup_hc32f334.s
      At line 356 in file startup_hc32f334.s

TMRA_1_Cmp_Handler 00000022

Symbol: TMRA_1_Cmp_Handler
   Definitions
      At line 487 in file startup_hc32f334.s
   Uses
      At line 125 in file startup_hc32f334.s
      At line 340 in file startup_hc32f334.s



ARM Macro Assembler    Page 22 Alphabetic symbol ordering
Relocatable symbols


TMRA_1_Ovf_Udf_Handler 00000022

Symbol: TMRA_1_Ovf_Udf_Handler
   Definitions
      At line 486 in file startup_hc32f334.s
   Uses
      At line 124 in file startup_hc32f334.s
      At line 339 in file startup_hc32f334.s

TMRA_2_Cmp_Handler 00000022

Symbol: TMRA_2_Cmp_Handler
   Definitions
      At line 493 in file startup_hc32f334.s
   Uses
      At line 131 in file startup_hc32f334.s
      At line 346 in file startup_hc32f334.s

TMRA_2_Ovf_Udf_Handler 00000022

Symbol: TMRA_2_Ovf_Udf_Handler
   Definitions
      At line 492 in file startup_hc32f334.s
   Uses
      At line 130 in file startup_hc32f334.s
      At line 345 in file startup_hc32f334.s

TMRA_3_Cmp_Handler 00000022

Symbol: TMRA_3_Cmp_Handler
   Definitions
      At line 499 in file startup_hc32f334.s
   Uses
      At line 137 in file startup_hc32f334.s
      At line 352 in file startup_hc32f334.s

TMRA_3_Ovf_Udf_Handler 00000022

Symbol: TMRA_3_Ovf_Udf_Handler
   Definitions
      At line 498 in file startup_hc32f334.s
   Uses
      At line 136 in file startup_hc32f334.s
      At line 351 in file startup_hc32f334.s

TMRA_4_Cmp_Handler 00000022

Symbol: TMRA_4_Cmp_Handler
   Definitions
      At line 505 in file startup_hc32f334.s
   Uses
      At line 143 in file startup_hc32f334.s
      At line 358 in file startup_hc32f334.s

TMRA_4_Ovf_Udf_Handler 00000022

Symbol: TMRA_4_Ovf_Udf_Handler
   Definitions



ARM Macro Assembler    Page 23 Alphabetic symbol ordering
Relocatable symbols

      At line 504 in file startup_hc32f334.s
   Uses
      At line 142 in file startup_hc32f334.s
      At line 357 in file startup_hc32f334.s

TMRA_5_Cmp_Handler 00000022

Symbol: TMRA_5_Cmp_Handler
   Definitions
      At line 557 in file startup_hc32f334.s
   Uses
      At line 195 in file startup_hc32f334.s
      At line 410 in file startup_hc32f334.s

TMRA_5_Ovf_Udf_Handler 00000022

Symbol: TMRA_5_Ovf_Udf_Handler
   Definitions
      At line 556 in file startup_hc32f334.s
   Uses
      At line 194 in file startup_hc32f334.s
      At line 409 in file startup_hc32f334.s

USART1_Handler 00000022

Symbol: USART1_Handler
   Definitions
      At line 553 in file startup_hc32f334.s
   Uses
      At line 191 in file startup_hc32f334.s
      At line 406 in file startup_hc32f334.s

USART1_TCI_Handler 00000022

Symbol: USART1_TCI_Handler
   Definitions
      At line 554 in file startup_hc32f334.s
   Uses
      At line 192 in file startup_hc32f334.s
      At line 407 in file startup_hc32f334.s

USART1_WKUP_Handler 00000022

Symbol: USART1_WKUP_Handler
   Definitions
      At line 569 in file startup_hc32f334.s
   Uses
      At line 207 in file startup_hc32f334.s
      At line 422 in file startup_hc32f334.s

USART2_Handler 00000022

Symbol: USART2_Handler
   Definitions
      At line 562 in file startup_hc32f334.s
   Uses
      At line 200 in file startup_hc32f334.s
      At line 415 in file startup_hc32f334.s




ARM Macro Assembler    Page 24 Alphabetic symbol ordering
Relocatable symbols

USART2_TxComplete_Handler 00000022

Symbol: USART2_TxComplete_Handler
   Definitions
      At line 563 in file startup_hc32f334.s
   Uses
      At line 201 in file startup_hc32f334.s
      At line 416 in file startup_hc32f334.s

USART3_Handler 00000022

Symbol: USART3_Handler
   Definitions
      At line 564 in file startup_hc32f334.s
   Uses
      At line 202 in file startup_hc32f334.s
      At line 417 in file startup_hc32f334.s

USART3_TxComplete_Handler 00000022

Symbol: USART3_TxComplete_Handler
   Definitions
      At line 565 in file startup_hc32f334.s
   Uses
      At line 203 in file startup_hc32f334.s
      At line 418 in file startup_hc32f334.s

USART4_Handler 00000022

Symbol: USART4_Handler
   Definitions
      At line 566 in file startup_hc32f334.s
   Uses
      At line 204 in file startup_hc32f334.s
      At line 419 in file startup_hc32f334.s

USART4_TxComplete_Handler 00000022

Symbol: USART4_TxComplete_Handler
   Definitions
      At line 567 in file startup_hc32f334.s
   Uses
      At line 205 in file startup_hc32f334.s
      At line 420 in file startup_hc32f334.s

UsageFault_Handler 00000018

Symbol: UsageFault_Handler
   Definitions
      At line 262 in file startup_hc32f334.s
   Uses
      At line 58 in file startup_hc32f334.s
      At line 263 in file startup_hc32f334.s

WDT_Handler 00000022

Symbol: WDT_Handler
   Definitions
      At line 573 in file startup_hc32f334.s



ARM Macro Assembler    Page 25 Alphabetic symbol ordering
Relocatable symbols

   Uses
      At line 211 in file startup_hc32f334.s
      At line 426 in file startup_hc32f334.s

158 symbols



ARM Macro Assembler    Page 1 Alphabetic symbol ordering
Absolute symbols

Heap_Size 00000400

Symbol: Heap_Size
   Definitions
      At line 35 in file startup_hc32f334.s
   Uses
      At line 39 in file startup_hc32f334.s
Comment: Heap_Size used once
Stack_Size 00000C00

Symbol: Stack_Size
   Definitions
      At line 25 in file startup_hc32f334.s
   Uses
      At line 28 in file startup_hc32f334.s
Comment: Stack_Size used once
__Vectors_Size 00000288

Symbol: __Vectors_Size
   Definitions
      At line 219 in file startup_hc32f334.s
   Uses
      At line 50 in file startup_hc32f334.s
Comment: __Vectors_Size used once
3 symbols



ARM Macro Assembler    Page 1 Alphabetic symbol ordering
External symbols

SystemInit 00000000

Symbol: SystemInit
   Definitions
      At line 227 in file startup_hc32f334.s
   Uses
      At line 234 in file startup_hc32f334.s
Comment: SystemInit used once
__main 00000000

Symbol: __main
   Definitions
      At line 228 in file startup_hc32f334.s
   Uses
      At line 236 in file startup_hc32f334.s
Comment: __main used once
2 symbols
508 symbols in table
